<b>ℹ️ Severity:</b> INFO
<b>Alert Message:</b> test message