<b>ğŸš¨ Severity:</b> CRITICAL
<b>Alert Message:</b> test message
<b>Meta:</b>
	â€¢ app_name: test_app
	â€¢ build_date: 2020-01-01 00:00:00
	â€¢ commit: test_commit
	â€¢ instance_name: test_instance